// Jest Snapshot v1, https://goo.gl/fbAQLP

exports[`Prueba en example ref Debe mostrar correctamente 1`] = `
<div>
  <h1>
     Ejemplos con useRef 
  </h1>
  <hr />
  <button
    className="btn btn-primary mt-5"
    onClick={[Function]}
  >
    Mostrar/Ocultar
  </button>
</div>
`;
