// Jest Snapshot v1, https://goo.gl/fbAQLP

exports[`Pruebas en <TodoApp/> Debe de mostrarse correctmente 1`] = `
<div>
  <h1
    className="alert alert-dark"
  >
    To Do APP 
    <small
      className="badge bg-info"
    >
       
      0
       
    </small>
     
  </h1>
  <hr />
  <div
    className="row"
  >
    <div
      className="col-7"
    >
      <Todolist
        handleDelete={[Function]}
        handleToggle={[Function]}
        todos={Array []}
      />
    </div>
    <div
      className="col-5"
    >
      <TodoAdd
        handleAddTodo={[Function]}
      />
    </div>
  </div>
</div>
`;
