// Jest Snapshot v1, https://goo.gl/fbAQLP

exports[`Pruebas en <TodoListItem/> debe mostrarse correctamente 1`] = `
<li
  className="list-group-item"
  key="1"
>
  <p
    className="'text-center' false"
    onClick={[Function]}
  >
     
    1
    .
    aprender react
  </p>
  <button
    className="btn btn-sm btn-outline-danger mt-1"
    onClick={[Function]}
  >
    Borrar
  </button>
</li>
`;
