// Jest Snapshot v1, https://goo.gl/fbAQLP

exports[`Pruebas en <HomePage/> Debe de mostrarse correctamente 1`] = `
<div>
  <h1>
    HomePage
  </h1>
  <hr />
  <pre>
    {
   "name": "Santiago",
   "lastname": "Spencer",
   "email": "sspencer@recneps.cl"
}
  </pre>
</div>
`;
