// Jest Snapshot v1, https://goo.gl/fbAQLP

exports[`Pruebas en <LoginPage/> Debe de mostrar correctamente 1`] = `
<div>
  <h1>
    Login
  </h1>
  <hr />
  <button
    className="btn btn btn-outline-primary"
    onClick={[Function]}
  >
    Login
  </button>
</div>
`;
